27-Sep-2025 15:32:14.710 INFO [main] org.apache.catalina.core.ApplicationContext.log No Spring WebApplicationInitializer types detected on classpath
27-Sep-2025 15:32:15.019 INFO [main] org.apache.catalina.core.ApplicationContext.log Initializing Spring root WebApplicationContext
27-Sep-2025 15:32:21.450 INFO [main] org.apache.catalina.core.ApplicationContext.log Initializing Spring FrameworkServlet 'springDispatcher'
27-Sep-2025 15:37:56.564 INFO [Thread-5] org.apache.catalina.core.ApplicationContext.log Destroying Spring FrameworkServlet 'springDispatcher'
27-Sep-2025 15:37:56.835 INFO [Thread-5] org.apache.catalina.core.ApplicationContext.log Closing Spring root WebApplicationContext
27-Sep-2025 15:38:21.378 INFO [main] org.apache.catalina.core.ApplicationContext.log No Spring WebApplicationInitializer types detected on classpath
27-Sep-2025 15:38:21.777 INFO [main] org.apache.catalina.core.ApplicationContext.log Initializing Spring root WebApplicationContext
27-Sep-2025 15:38:30.742 INFO [main] org.apache.catalina.core.ApplicationContext.log Initializing Spring FrameworkServlet 'springDispatcher'
27-Sep-2025 15:38:33.751 INFO [Thread-5] org.apache.catalina.core.ApplicationContext.log Destroying Spring FrameworkServlet 'springDispatcher'
27-Sep-2025 15:38:33.994 INFO [Thread-5] org.apache.catalina.core.ApplicationContext.log Closing Spring root WebApplicationContext
27-Sep-2025 15:38:46.126 INFO [main] org.apache.catalina.core.ApplicationContext.log No Spring WebApplicationInitializer types detected on classpath
27-Sep-2025 15:38:46.546 INFO [main] org.apache.catalina.core.ApplicationContext.log Initializing Spring root WebApplicationContext
27-Sep-2025 15:38:49.063 INFO [main] org.apache.catalina.core.ApplicationContext.log Initializing Spring FrameworkServlet 'springDispatcher'
27-Sep-2025 15:39:03.794 INFO [Thread-5] org.apache.catalina.core.ApplicationContext.log Destroying Spring FrameworkServlet 'springDispatcher'
27-Sep-2025 15:39:04.050 INFO [Thread-5] org.apache.catalina.core.ApplicationContext.log Closing Spring root WebApplicationContext
27-Sep-2025 15:41:28.153 INFO [main] org.apache.catalina.core.ApplicationContext.log No Spring WebApplicationInitializer types detected on classpath
27-Sep-2025 15:41:28.458 INFO [main] org.apache.catalina.core.ApplicationContext.log Initializing Spring root WebApplicationContext
27-Sep-2025 15:41:35.062 INFO [main] org.apache.catalina.core.ApplicationContext.log Initializing Spring FrameworkServlet 'springDispatcher'
27-Sep-2025 15:46:51.759 INFO [Thread-5] org.apache.catalina.core.ApplicationContext.log Destroying Spring FrameworkServlet 'springDispatcher'
27-Sep-2025 15:46:51.988 INFO [Thread-5] org.apache.catalina.core.ApplicationContext.log Closing Spring root WebApplicationContext
27-Sep-2025 15:47:24.892 INFO [main] org.apache.catalina.core.ApplicationContext.log No Spring WebApplicationInitializer types detected on classpath
27-Sep-2025 15:47:25.323 INFO [main] org.apache.catalina.core.ApplicationContext.log Initializing Spring root WebApplicationContext
27-Sep-2025 15:47:30.160 INFO [main] org.apache.catalina.core.ApplicationContext.log Initializing Spring FrameworkServlet 'springDispatcher'
